// Jest Snapshot v1, https://goo.gl/fbAQLP

exports[`PostView should open form for creating new post on button click 1`] = `
<DocumentFragment>
  <div
    class="post-view-container"
  >
    <div
      class="header"
    >
      <div
        class="header-title-elements"
      >
        <div
          class="lady"
        />
        <div
          class="title"
        />
        <div
          class="likes-photo"
        />
      </div>
      <div
        class="header-create-post"
      >
        <button
          class="btn-create-post"
          data-testid="test-create-button"
        >
          Create post
        </button>
      </div>
    </div>
    <div
      class="post-container"
    />
  </div>
</DocumentFragment>
`;

exports[`PostView should render 1`] = `
<DocumentFragment>
  <div
    class="post-view-container"
  >
    <div
      class="header"
    >
      <div
        class="header-title-elements"
      >
        <div
          class="lady"
        />
        <div
          class="title"
        />
        <div
          class="likes-photo"
        />
      </div>
      <div
        class="header-create-post"
      >
        <button
          class="btn-create-post"
          data-testid="test-create-button"
        >
          Create post
        </button>
      </div>
    </div>
    <div
      class="post-container"
    />
  </div>
</DocumentFragment>
`;
