// Jest Snapshot v1, https://goo.gl/fbAQLP

exports[`PostView should render 1`] = `
<DocumentFragment>
  <div
    class="post-view-container"
  >
    <label>
      Enter Post
    </label>
    <input
      data-testid="test-create-post"
    />
    <div
      class="post-container"
    />
  </div>
</DocumentFragment>
`;
