// Jest Snapshot v1, https://goo.gl/fbAQLP

exports[`CreatePost on click of create button should render post form fields 1`] = `
<DocumentFragment>
  <div
    class="create-post-btn-container"
  >
    <span
      class="text-new-post"
    >
      Write a new post!
    </span>
    <button
      class="btn-create-post"
      data-testid="test-create-button"
    >
      Create post
    </button>
  </div>
</DocumentFragment>
`;

exports[`CreatePost should render 1`] = `
<DocumentFragment>
  <div
    class="create-post-btn-container"
  >
    <span
      class="text-new-post"
    >
      Write a new post!
    </span>
    <button
      class="btn-create-post"
      data-testid="test-create-button"
    >
      Create post
    </button>
  </div>
</DocumentFragment>
`;
