// Jest Snapshot v1, https://goo.gl/fbAQLP

exports[`CreatePost should render if isCreatePost is false 1`] = `<DocumentFragment />`;

exports[`CreatePost should render post form fields if iscreatePost is true  1`] = `
<DocumentFragment>
  <div
    class="create-post-container"
  >
    <form
      action="#"
    >
      <div
        class="App"
      >
        <div
          class="fileUploader "
        >
          <div
            class="fileContainer"
          >
            <img
              alt="Upload Icon"
              class="uploadIcon"
              src="UploadIcon.svg"
            />
            <p
              class=""
            >
              Maximum size file: 5MB
            </p>
            <div
              class="errorsContainer"
            />
            <button
              class="chooseFileButton "
              type="button"
            >
              Choose an image
            </button>
            <input
              accept="image/*"
              name=""
              type="file"
            />
            <div
              class="uploadPicturesWrapper"
            >
              <div
                style="position: relative; display: flex; align-items: center; justify-content: center; flex-wrap: wrap; width: 100%;"
              />
            </div>
          </div>
        </div>
      </div>
      <input
        class="text-post-body"
        data-testid="test-post-body"
        name="post"
        placeholder="Enter your post"
        type="text"
        value=""
      />
      <div
        class="btn-container"
      >
        <button
          class="btn-post"
          data-testid="test-create-post"
          disabled=""
          type="submit"
        >
          Post
        </button>
      </div>
    </form>
  </div>
</DocumentFragment>
`;
