// Jest Snapshot v1, https://goo.gl/fbAQLP

exports[`EditPost should render 1`] = `
<DocumentFragment>
  <div
    class="create-post-container"
  >
    <form
      action="#"
    >
      <label>
        Title
      </label>
      <input
        class="text-post-title"
        name="title"
        type="text"
        value=""
      />
      <label>
        Post
      </label>
      <input
        class="text-post-body"
        name="post"
        type="text"
        value=""
      />
      <button
        class="btn-post"
        type="submit"
      >
        Save Post
      </button>
    </form>
  </div>
</DocumentFragment>
`;
