// Jest Snapshot v1, https://goo.gl/fbAQLP

exports[`EditPost should render 1`] = `
<DocumentFragment>
  <div
    class="create-post-container"
  >
    <label>
      Title
    </label>
    <input
      class="text-post-title"
      name="Title"
      placeholder="Enter Title"
      type="text"
    />
    <input
      class="text-post-body"
      name="Post"
      placeholder="Enter Post"
    />
    <button
      class="btn-create-post"
    >
      Save Post
    </button>
  </div>
</DocumentFragment>
`;
